http://www.runoob.com/python/python-func-locals.html

Python 环境搭建
python3 setup.py install
ln -s /usr/local/python3/bin/python3.6 /usr/local/bin/python3
ln -s /usr/local/python3/bin/pip3.6 /usr/bin/pip
pip install --upgrade pip


[root@env html]# find / -name django-admin.py
/usr/local/python3/bin/django-admin.py
/usr/local/python3/lib/python3.6/site-packages/Django-2.0.5-py3.6.egg/EGG-INFO/scripts/django-admin.py
/usr/local/python3/lib/python3.6/site-packages/Django-2.0.5-py3.6.egg/django/bin/django-admin.py
/opt/python3/Django-2.0.5/django/bin/django-admin.py
/opt/python3/Django-2.0.5/build/lib/django/bin/django-admin.py
/opt/python3/Django-2.0.5/build/scripts-3.6/django-admin.py


一、 新建项目：
/usr/local/python3/bin/django-admin.py startproject automatic
python3 manage.py startapp myapp
python3 manage.py startapp salt
报错如下：
ModuleNotFoundError: No module named '_sqlite3

解决办法：
1. yum serarch sqlite-devel
2. yum install sqlite-devel.x86_64
3. 重新编译安装Python3


二、配置 git 环境

git config --global user.email "2955468423@qq.com"

git config --global user.name "mysqlbin"

配置密钥实现无密码操作：
https://blog.csdn.net/wanglei_storage/article/details/53258804

ssh-keygen -t rsa -C "2955468423@qq.com"


def index(request):
   
    if request.method == 'POST':
        try:
            selfsql = request.POST['selfsql'].strip()
           
            if request.POST.has_key('fullpro'):
                data_list, collist = meta.process(insname)
                return render(request, 'myapp/index.html', locals())

            elif  request.POST.has_key('showactive'):
                data_list, collist = meta.process(insname,2)
                return render(request, 'myapp/index.html', locals())

            elif request.POST.has_key('showengine'):
                datalist, col = meta.process(insname, 3)
                return render(request, 'myapp/index.html', locals())

            elif request.POST.has_key('kill_list'):
                idlist = request.POST.getlist('choosedlist')
                tmpstr=''
                for i in idlist:
                    tmpstr= tmpstr + 'kill ' + i +';'
                datalist, col = meta.process(insname, 4,tmpstr)
                return render(request, 'myapp/index.html', locals())

        except Exception,e:

            return render(request, 'myapp/index.html', locals())
    else:
        return render(request, 'myapp/index.html', locals())


多版本Python共存时pip给指定版本的python安装package的方法：		
pip install -t /usr/local/python3/lib/python3.6/site-packages/ pyMySQL
pip install -t /usr/local/python3/lib/python3.6/site-packages/ pyMySQL


三. 数据表的导入
python3 manage.py migrate

四. 启动 django 服务
python3 manage.py runserver 192.168.0.55:8006



Invalid HTTP_HOST header: '192.168.1.26:8006'. You may need to add '192.168.1.26' to ALLOWED_HOSTS.

在我们创建的项目里修改setting.py文件

ALLOWED_HOSTS = [‘*‘]  ＃在这里请求的host添加了*

django static文件的引入方式
https://www.cnblogs.com/yangxiaolan/p/5826661.html


make:
/opt/python/Python-3.6.5/Python/structmember.c:292: undefined reference to `__gcov_init'

解压的包不完整， 重新解压再安装就好了。


python3 取消 has_key 函数
request.POST.has_key
改为用 in


pip install -t /usr/lib/python2.7/site-packages/ MySQL-python
pip install mysqlclient


在python3.3里面，用urllib.request代替urllib2
ModuleNotFoundError: No module named 'urllib2'
https://blog.csdn.net/chienchia/article/details/41322767


saltstack-api使用详解:
https://www.jianshu.com/p/012ccdff93cc

错误：
django.core.exceptions.ImproperlyConfigured: Error loading MySQLdb module.
Did you install mysqlclient?

https://blog.csdn.net/wzqnls/article/details/53412635
Django安装mysqlclient


错误：
ImportError: No module named pymysql
[root@node12 db_terrace_update]# pip install pyMySQL


pip install pyMySQL
pip install -t /usr/lib64/python3.4/site-packages/  pyMySQL
pip install -t /usr/lib64/python3.4/site-packages/  mysql-devel
pip install -t /usr/lib64/python3.4/site-packages/  mysqlclient
pip install -t /usr/local/python3/lib/python3.6/site-packages/  pyMySQL
pip install -t /usr/local/python3/lib/python3.6/site-packages/  mysql-devel
pip install -t /usr/local/python3/lib/python3.6/site-packages/  mysqlclient



错误：
import MySQLdb as Database
ModuleNotFoundError: No module named 'MySQLdb'

[root@126env db_automation]# pip install MySQL-Python
Collecting MySQL-Python
  Using cached https://files.pythonhosted.org/packages/a5/e9/51b544da85a36a68debe7a7091f068d802fc515a3a202652828c73453cad/MySQL-python-1.2.5.zip
    Complete output from command python setup.py egg_info:
    Traceback (most recent call last):
      File "<string>", line 1, in <module>
      File "/tmp/pip-install-9hoscwzk/MySQL-Python/setup.py", line 13, in <module>
        from setup_posix import get_config
      File "/tmp/pip-install-9hoscwzk/MySQL-Python/setup_posix.py", line 2, in <module>
        from ConfigParser import SafeConfigParser
    ModuleNotFoundError: No module named 'ConfigParser'
    
    ----------------------------------------
Command "python setup.py egg_info" failed with error code 1 in /tmp/pip-install-9hoscwzk/MySQL-Python/
解决办法：
python3.*报“ImportError: No module named ‘MySQLdb'”
https://www.cnblogs.com/TaleG/p/6735099.html



Python3学习笔记 urllib 模块的使用: 
https://blog.csdn.net/qq_38165374/article/details/74315838


Intellij IDEA ，按Ctrl+左键，不能进入类或方法的【解决办法】:
https://blog.csdn.net/zy_zhengyang/article/details/78581259

基于 Python3 的 Class SaltApi 类：
https://www.cnblogs.com/wang-yc/p/7904376.html













ImportError: No module named wsgi


sys.path.append('/usr/lib/python2.7/site-packages')
sys.path.append('/usr/lib/python3.4/site-packages')
sys.path.append('/usr/lib64/python2.7/site-packages')
sys.path.append('/usr/lib64/python3.4/site-packages')



Fri May 18 05:49:42 2018 - thunder lock: disabled (you can enable it with --thunder-lock)

Nginx + uWSGI + Python + Django部署实例:
http://www.mykurol.com/detail/48/#
http://www.runoob.com/django/django-nginx-uwsgi.html
https://docs.djangoproject.com/en/2.0/howto/deployment/wsgi/
https://docs.djangoproject.com/en/2.0/howto/deployment/wsgi/uwsgi/

这个问题可以忽略，原因是 安装 uwsgi 错误，应该这样安装 ：pip install -t /usr/local/python3/lib/python3.6/site-packages/ uwsgi

ImportError: No module named wsgi
/usr/bin/uwsgi --ini /etc/nginx/uwsgi.ini 

pip install -t /usr/lib64/python3.4/site-package/ uwsgi
pip install -t /usr/local/python3/lib/python3.6/site-packages/ uwsgi

[root@126env nginx]# find / -name uwsgi
/usr/local/python3/lib/python3.6/site-packages/bin/uwsgi

uwsgi 启动：
/usr/local/python3/lib/python3.6/site-packages/bin/uwsgi --ini /etc/nginx/uwsgi.ini 
cp /usr/local/python3/lib/python3.6/site-packages/bin/uwsgi /usr/bin

错误：
nginx 服务打开 网站提示 ： connect() failed (111: Connection refused) while connecting to upstream
An error occurred.
Sorry, the page you are looking for is currently unavailable.
Please try again later.

If you are the system administrator of this resource then you should check the error log for details.

Faithfully yours, nginx.

2018/05/19 09:13:02 [error] 4067#4067: *5 connect() failed (111: Connection refused) while connecting to upstream, client: 192.168.1.101, server: 192.168.1.26, request: "GET /favicon.ico HTTP/1.1", 
upstream: "uwsgi://127.0.0.1:9001", host: "192.168.1.26", referrer: "http://192.168.1.26/"


解决办法
nginx.conf uwsgi_pass 127.0.0.1:9001; 跟 uwsgi.ini 的 socket = 127.0.0.1:9002 要一致。

错误：
Django， uWsgi， nginx 部署，缺失静态文件
https://www.v2ex.com/amp/t/286241
事实上，你可以用 NGINX 直接处理静态请求，这也就是 collectstatic 的意义所在。 
``` 
location /static { 
root /path/to/your/project; 
} 
``` 


错误： 
https://code.ziqiangxuetang.com/django/django-static-files.html
配置 nginx 和 uwsgi 后， 后台 静态文件加载失败。
通过 tail -f /var/log/nginx/error.log 观察 nginx 错误日志可以发现：

2018/05/19 20:09:42 [error] 14623#14623: *268 open() "/usr/share/nginx/html/db_automation/automatic/static/static/admin/css/responsive.css" failed (2: No such file or directory)

location ~* ^.+\.(mpg|avi|mp3|swf|zip|tgz|gz|rar|bz2|doc|xls|exe|ppt|txt|tar|mid|midi|wav|rtf|mpeg)$ {
	root /usr/share/nginx/html/db_automation/automatic;
	access_log on;
}
location /static {
	root /usr/share/nginx/html/db_automation/automatic;
	#root /usr/share/nginx/html/db_automation/collected_static; 
}


uWSGI+django+nginx的工作原理流程与部署历程：
https://blog.csdn.net/c465869935/article/details/53242126

Django admin首页的view_site怎么改成自己想要的url？（尽量不修改django源码）:
https://segmentfault.com/q/1010000009877056

[root@126env automatic]# python manage.py collectstatic
You have requested to collect static files at the destination
location as specified in your settings:



错误：
admin.site.register 的后台内容不显示：
使用uwsgi和nginx做服务器和django框架，为什么每次修改代码都需要重启uwsgi呢？
https://www.zhihu.com/question/21016845


解决办法：把 uwsgi 服务器重启一下。
uwsgi --ini /etc/nginx/uwsgi.ini




2018-05-21:
<li class="dropdown">
  <a href="#" class="dropdown-toggle" data-toggle="dropdown"><i class="fa fa-fw fa-plus"></i> DB_Manager <span class="caret"></span></a>
  <ul class="dropdown-menu" role="menu">
	<li class="dropdown-header">Manage_MySQL</li>
	<li><a href="{% url 'mysql_query' %}">mysql_query</a></li>
	<li><a href="{% url 'ddl_dml' %}">ddl_dml</a></li>
  </ul>
</li>

错误:
 File "/usr/share/nginx/html/db_automation/automatic/myapp/models.py", line 75, in User_profile
    user = models.OneToOneField(User)
TypeError: __init__() missing 1 required positional argument: 'on_delete'
解决办法:
https://blog.csdn.net/duke10/article/details/79048168


错误:
File "/usr/share/nginx/html/db_automation/automatic/myapp/include/function.py", line 3, in <module>
   import pymysql,sys,string,time,datetime,uuid,commands,os
ModuleNotFoundError: No module named 'commands'



错误:
File "/usr/share/nginx/html/db_automation/automatic/myapp/include/function.py", line 12, in <module>
   reload(sys)
NameError: name 'reload' is not defined

解决办法：
https://blog.csdn.net/github_35160620/article/details/52206868
import importlib
importlib.reload(sys)

报错：
File "/usr/share/nginx/html/db_automation/automatic/myapp/include/function.py", line 14, in <module>
   sys.setdefaultencoding('utf8')
AttributeError: module 'sys' has no attribute 'setdefaultencoding'

https://segmentfault.com/q/1010000005959643
https://blog.csdn.net/blueheart20/article/details/78794847


pip install -t /usr/local/python3/lib/python3.6/site-packages/ sqlparse


错误：
name 'cmp' is not defined
解决办法:
https://blog.csdn.net/yjk13703623757/article/details/77822179
Python cmp() 函数
http://www.runoob.com/python/func-number-cmp.html



错误：
invalid literal for int() with base 10: 'ASC;'
function.py
if (int(sqltext.split()[-1])<= int(num) ):



错误：
 for i in result_list:
	try:
		unicode(i, 'utf-8')
		results=results+'\n'+i
	except Exception as e:
		pass

在 Python3.6 中，unicode(i, 'utf-8') 不能这么写

2019-04-16:

日期控件参考:
http://www.jemui.com/uidoc/jedate.html#demo

下载 demo 出来在本地调试


